image\ic_jmva.png|image\ic_jmva.PNG
image\defaultparameter\simulation.gif|image\DefaultParameter\simulation.gif
image\defaultparameter\reset.gif|image\DefaultParameter\reset.gif
definition\distribution\hyperexp1.gif|definition\distribution\hyperExp1.gif
jsimgraph_merged$.hhk|JSIMgraph.hhk
image\risult\ic_warn.png|image\risult\ic_warn.png
webserver1\step7.html|webserver1\step7.html
how_to\exp_jmva.htm|how_to\exp_jmva.htm
menu\m_solve.htm|menu\m_solve.htm
definition\confidenceinterval.html|definition\confidenceinterval.html
image\ic_save.png|image\ic_save.PNG
image\topology\edit\delay_prop1.png|image\topology\edit\delay_prop1.png
glossary_files\image8.gif|Glossary_files\Image8.gif
webserver1\step2.html|webserver1\step2.html
definition\distribution\coeffvariation.gif|definition\distribution\CoeffVariation.gif
image\topology\edit\server_prop1.png|image\topology\edit\server_prop1.png
image\ic_defparam.png|image\ic_defParam.PNG
definition\distribution\pareto1.png|definition\distribution\pareto1.png
image\ic_paramsim.png|image\ic_paramSim.PNG
glossary_files\image6.gif|Glossary_files\Image6.gif
bibliography.htm|Bibliography.htm
image\routing\utilization.png|image\routing\utilization.PNG
image\routing\prob1.png|image\routing\prob1.png
definition\distribution\variance.gif|definition\distribution\variance.gif
image\topology\edit\server1.png|image\topology\edit\server1.png
how_to\create_new_model\step7_simulazion.html|how_to\create_new_model\step7_simulazion.html
definition\class.html|definition\class.html
example\webserver\result1.gif|example\webserver\result1.gif
image\button_nclass.png|image\button_NClass.png
image\export_image_type.gif|image\export_image_type.gif
how_to\stations\source_properties.htm|how_to\stations\source_properties.htm
glossary_files\image4.gif|Glossary_files\Image4.gif
glossary_files\image28.gif|Glossary_files\Image28.gif
image\simparam\sim_maxdur.png|image\simParam\sim_maxDur.png
how_to\stations\loadsplitter_prop.html|how_to\stations\loadsplitter_prop.html
how_to\stations\logger_prop.html|how_to\stations\logger_prop.html
definition\distribution\constant.jpeg|definition\distribution\constant.jpeg
image\bas_drop.jpg|image\bas_drop.JPG
definition\distribution\poisson_f.png|definition\distribution\poisson_f.png
how_to\define_what_if_analysis.html|how_to\define_what_if_analysis.html
image\simparam\max_sample.png|image\simParam\max_sample.png
image\risult\graph1.jpg|image\risult\graph1.jpg
image\topology\connect.png|image\topology\connect.png
glossary_files\image2.gif|Glossary_files\Image2.gif
image\topology\join.png|image\topology\join.png
how_to\define_simul_param.html|how_to\define_simul_param.html
image\menu_solve.png|image\menu_solve.PNG
definition\distribution\pareto_c.png|definition\distribution\pareto_c.png
glossary_files\image26.gif|Glossary_files\Image26.gif
ehlpdhtm.js|ehlpdhtm.js
image\topology\delay.png|image\topology\delay.png
image\topology\edit\routing_section.png|image\topology\edit\routing_section.png
definition\distribution\studentt1.png|definition\distribution\studentT1.png
image\routing\q length.png|image\routing\Q_length.PNG
definition\distribution\erlang1.png|definition\distribution\erlang1.png
definition\distribution\mean.gif|definition\distribution\Mean.gif
image\define_simparam1.png|image\define_simParam1.png
image\ic_open.png|image\ic_open.PNG
image\esempi\mod1_5.png|image\esempi\mod1_5.png
glossary_files\image24.gif|Glossary_files\Image24.gif
image\routing\round_robin.png|image\routing\round_robin.PNG
webserver1\step6.html|webserver1\step6.html
definition\distribution\uniform1.png|definition\distribution\uniform1.png
webserver1\3cpu 2.gif|webserver1\3cpu_2.gif
image\export_image_opt2.gif|image\export_image_opt2.gif
image\fcr_pass2.gif|image\FCR_pass2.gif
definition\distribution\exponential_pdf.jpeg|definition\distribution\exponential_pdf.jpeg
image\define_indices_st.png|image\define_indices_st.PNG
definition\distribuzioni.html|definition\distribuzioni.html
image\topology\edit\fork2.png|image\topology\edit\fork2.png
webserver1\step1.html|webserver1\step1.html
image\esempi\mod1_3.png|image\esempi\mod1_3.png
image\ic_indices.png|image\ic_indices.PNG
glossary_files\image22.gif|Glossary_files\Image22.gif
menu\m_edit.html|menu\m_edit.html
image\ic_export.png|image\ic_export.PNG
jsimgraph.ali|JSIMgraph.ali
image\confidenceinterval1.png|image\confidenceInterval1.PNG
image\ref_station.png|image\ref_station.PNG
image\topology\edit\distrib.png|image\topology\edit\distrib.png
glossary.htm|Glossary.htm
how_to\define_cclass.html|how_to\define_cclass.html
glossary_files\image20.gif|Glossary_files\Image20.gif
how_to\create_new_model\step1_create_network.html|how_to\create_new_model\step1_create_network.html
image\topology\edit\delay2.png|image\topology\edit\delay2.png
jsimgraph.brs|JSIMgraph.brs
image\topology\edit\edit.png|image\topology\edit\edit.png
definition\distribution\huperexpon1.png|definition\distribution\huperexpon1.png
glossary_files\image18.gif|Glossary_files\Image18.gif
how_to\create_new_model\ste5_reference station.html|how_to\create_new_model\ste5_reference_station.html
image\ic_delete.png|image\ic_delete.PNG
definition\distribution\exponential_f.png|definition\distribution\exponential_f.png
image\indices_confidence_maxerr.png|image\indices_confidence_maxErr.PNG
definition\distribution\pareto_pdf.jpeg|definition\distribution\pareto_pdf.jpeg
image\simparam\sim_seed.png|image\simParam\sim_seed.png
image\close_class.png|image\close_class.PNG
webserver1\2class_def.gif|webserver1\2class_def.gif
image\menu_file.png|image\menu_file.PNG
glossary_files\image16.gif|Glossary_files\Image16.gif
image\topology\edit\fork_icon.png|image\topology\edit\fork_icon.png
jsimgraph.hha|JSIMgraph_hha.hhk
definition\distribution\huperexpon_f.png|definition\distribution\huperexpon_f.png
definition\distribution\normal_f.png|definition\distribution\normal_f.png
webserver1\9start_sim.gif|webserver1\9start_sim.gif
jsimgraph.hhc|JSIMgraph.hhc
<<reservedfile>>0|JSIMgraph.hs
ic_simulate.png|ic_simulate.PNG
image\button_addind.png|image\button_addInd.png
glossary_files\image14.gif|Glossary_files\Image14.gif
image\risult\window_general_activewindow.png|image\risult\window_general_ActiveWindow.png
definition\distribution\normal_pdf.jpeg|definition\distribution\normal_pdf.jpeg
image\topology\edit\sink1.png|image\topology\edit\sink1.png
webserver1\step5.html|webserver1\step5.html
definition\distribution\expo_var.png|definition\distribution\expo_var.png
image\ic_copy.png|image\ic_copy.PNG
export_image\esempio1.htm|export_image\esempio1.htm
menu\m_file.html|menu\m_file.html
image\arrival_time_distribution1.png|image\arrival_time_distribution1.PNG
image\bas2.jpg|image\bas2.jpg
how_to\define_fcr_clip_image002.gif|how_to\define_FCR_clip_image002.gif
webserver1\webserver.html|webserver1\webserver.html
how_to\define_fcr.html|how_to\define_fcr.html
image\topology\edit\loadsplitter_prop.png|image\topology\edit\loadsplitter_prop.png
image\topology\edit\logger_editFull_sm.png|image\topology\edit\logger_editFull_sm.png
jsimgraph.hhp|JSIMgraph.hhp
definition\distribution\exponential1.png|definition\distribution\exponential1.png
image\topology\edit\model1.png|image\topology\edit\model1.png
image\ic_simulate.png|image\ic_simulate.PNG
image\confidence_relative\xn_sum.gif|image\confidence_relative\Xn_sum.gif
image\topology\edit\add_range.png|image\topology\edit\add_range.png
image\topology\loadsplitter.png|image\topology\loadsplitter.png
image\topology\logger_icon.gif|image\topology\logger.png
glossary_files\image12.gif|Glossary_files\Image12.gif
definition\distribution\posson1.png|definition\distribution\posson1.png
image\topology\source.png|image\topology\source.png
image\confidence_relative\formula_relative error.gif|image\confidence_relative\formula_relative_error.gif
image\menu_define.png|image\menu_define.PNG
image\define_indices1.png|image\define_indices1.png
definition\distribution\constant_f.png|definition\distribution\constant_f.png
default.css|default.css
image\stop_icon.gif|image\stop_icon.gif
image\topology\edit\loadsplitter1.png|image\topology\edit\loadsplitter1.png
image\topology\edit\logger_icon.png|image\topology\edit\logger_icon.png
image\topology\edit\join.png|image\topology\edit\join.png
image\ic_class.png|image\ic_class.PNG
how_to\stations\connect_elem.htm|how_to\stations\connect_elem.htm
export_image\export_as_image.html|export_image\export_as_image.html
webserver1\result1.gif|webserver1\result1.gif
definition\distribution\poisson_pdf_d.jpeg|definition\distribution\poisson_pdf_d.jpeg
image\simparam\initial_state.png|image\simParam\initial_state.png
glossary_files\image10.gif|Glossary_files\Image10.gif
how_to\create_new_model\new_model.html|how_to\create_new_model\new_model.html
glossary_files\image9.gif|Glossary_files\Image9.gif
image\topology\edit\server_section2.gif|image\topology\edit\server_section2.gif
definition\distribution\normal1.png|definition\distribution\normal1.png
image\edit_arrdistribution.png|image\edit_ArrDistribution.png
image\topology\edit\source1.png|image\topology\edit\source1.png
image\topology\edit\delete.png|image\topology\edit\delete.png
webserver1\3disk1 2.gif|webserver1\3disk1_2.gif
how_to\create_new_model\step6_finite_region.html|how_to\create_new_model\step6_finite_region.html
definition\distribution\eulergamma.gif|definition\distribution\eulergamma.gif
image\ic_risult.png|image\ic_risult.PNG
image\routing\random.png|image\routing\random.PNG
model_file_format.htm|Model_File_Format.htm
image\define_class1.png|image\define_class1.png
glossary_files\image7.gif|Glossary_files\Image7.gif
menu\m_help.htm|menu\m_help.htm
image\ic_new.png|image\ic_new.PNG
definition\ind.htm|definition\ind.htm
definition\distribution\gamma_pdf.jpeg|definition\distribution\gamma_pdf.jpeg
image\defaultparameter\fcr.gif|image\DefaultParameter\FCR.gif
image\routing\probability.png|image\routing\probability.PNG
image\open_class1.png|image\open_class1.png
how_to\create_new_model\ste4_perf_indices.html|how_to\create_new_model\ste4_perf_indices.html
image\close_class1.png|image\close_class1.PNG
image\topology\folk.png|image\topology\folk.png
image\ic_paste.png|image\ic_paste.PNG
image\fcr\prop_panel.gif|image\FCR\prop_panel.gif
image\type_class.png|image\type_class.PNG
glossary_files\image5.gif|Glossary_files\Image5.gif
jsimgraph.trs|JSIMgraph.trs
image\topology\edit\join_icon.jpg|image\topology\edit\join_icon.jpg
glossary_files\image29.gif|Glossary_files\Image29.gif
webserver1\1network_design.gif|webserver1\1network_design.gif
how_to\modify\modify_station_parameters.html|how_to\modify\modify_station_parameters.html
how_to\modify\modify_simulation_parameters.html|how_to\modify\modify_simulation_parameters.html
definition\bas.html|definition\bas.html
image\risult\ic_error.png|image\risult\ic_error.png
webserver1\step4.html|webserver1\step4.html
image\logo.jpg|image\logo.jpg
glossary_files\image3.gif|Glossary_files\Image3.gif
how_to\modify_default_param.htm|how_to\modify_default_param.htm
definition\distribution\replayer_f.png|definition\distribution\replayer_f.png
glossary_files\image27.gif|Glossary_files\Image27.gif
how_to\define_pindices.html|how_to\define_pindices.html
image\button_addclass.png|image\button_addClass.png
definition\distribution\gamma_f.png|definition\distribution\gamma_f.png
how_to\define_network_topology.html|how_to\define_network_topology.html
glossary_files\image1.gif|Glossary_files\Image1.gif
glossary_files\image25.gif|Glossary_files\Image25.gif
image\ic_cut.png|image\ic_cut.PNG
ehelp.xml|eHelp.xml
definition\distribution\studentt_f.png|definition\distribution\studentT_f.png
robohhre.lng|RoboHHRE.lng
image\export_image1.gif|image\export_image1.gif
image\topology\region.png|image\topology\region.png
webserver1\3cpu 3.gif|webserver1\3cpu_3.gif
how_to\stations\join_prop.html|how_to\stations\join_prop.html
how_to\create_new_model\step2_customer_class.html|how_to\create_new_model\step2_customer_class.html
webserver1\3source_prop.gif|webserver1\3source_prop.gif
jsimgraph.glo|JSIMgraph.glo
image\topology\edit\fork3.png|image\topology\edit\fork3.png
image\esempi\mod1_4.png|image\esempi\mod1_4.png
image\error_window.png|image\error_window.png
glossary_files\image23.gif|Glossary_files\Image23.gif
definition\distribution\gamma1.png|definition\distribution\gamma1.png
image\menu_indices.png|image\menu_indices.PNG
webserver1\3cpu 1.gif|webserver1\3cpu_1.gif
image\defaultparameter\station.gif|image\DefaultParameter\station.gif
image\export_image_opt1.gif|image\export_image_opt1.gif
image\topology\edit\source_prop.png|image\topology\edit\source_prop.png
bsscdefault.h|BSSCDefault.h
definition\distribution\erlang_pdf1.jpeg|definition\distribution\erlang_pdf1.jpeg
image\fcr_pass1.gif|image\FCR_pass1.gif
image\icon_object.png|image\icon_object.png
definition\distribution\constant1.png|definition\distribution\constant1.png
image\topology\edit\fork1.png|image\topology\edit\fork1.png
image\esempi\mod1_2.png|image\esempi\mod1_2.png
glossary_files\image21.gif|Glossary_files\Image21.gif
image\routing\s_time.png|image\routing\S_time.PNG
menu\m_define.htm|menu\m_define.htm
image\wif\ex2_service_time.png|image\wif\ex2_service_time.png
how_to\stations\delay_prop.html|how_to\stations\delay_prop.html
definition\distribution\paretp_f.png|definition\distribution\paretp_f.png
webserver1\8whatif_par.gif|webserver1\8whatif_par.gif
definition\distribution\student_pdf.jpeg|definition\distribution\student_pdf.jpeg
image\class_indices.png|image\class_indices.PNG
webserver1\step8.html|webserver1\step8.html
glossary_files\image19.gif|Glossary_files\Image19.gif
image\wif\ex1.png|image\wif\ex1.png
image\define_wia.png|image\define_wIa.PNG
how_to\stations\fork_prop.html|how_to\stations\fork_prop.html
image\topology\freccia.png|image\topology\freccia.png
image\menu_edit.png|image\menu_edit.PNG
image\topology\edit\fork_queue_sect.jpg|image\topology\edit\fork_queue_sect.jpg
webserver1\step3.html|webserver1\step3.html
image\wif\numb_customers.png|image\wif\numb_customers.png
glossary_files\image17.gif|Glossary_files\Image17.gif
definition\error_warning.html|definition\error_warning.html
webserver1\4 index.gif|webserver1\4_index.gif
glossary_files\image15.gif|Glossary_files\Image15.gif
definition\distribution\erlang2.gif|definition\distribution\erlang2.gif
image\esempi\mod1.png|image\esempi\mod1.png
export_image\esempio2.htm|export_image\esempio2.htm
image\defaultparameter\class.gif|image\DefaultParameter\class.gif
how_to\stations\sink_properties.html|how_to\stations\sink_properties.html
image\risult\ic_ok.png|image\risult\ic_ok.png
image\simparam\rap_interval.png|image\simParam\rap_interval.png
how_to\stations\server_prop.html|how_to\stations\server_prop.html
definition\distribution\exponential2.png|definition\distribution\exponential2.png
definition\read_result.html|definition\read_result.html
definition\distribution\erlang_f.png|definition\distribution\erlang_f.png
image\ic_wia.png|image\ic_wia.PNG
definition\distribution\uniform_f.png|definition\distribution\uniform_f.png
glossary_files\image13.gif|Glossary_files\Image13.gif
definition\distribution\uniform_pdf.jpeg|definition\distribution\uniform_pdf.jpeg
webserver1\6 simul_par.gif|webserver1\6_simul_par.gif
definition\distribution\hyoerexp_pdf1.jpeg|definition\distribution\hyoerexp_pdf1.jpeg
image\arrival_rate_f.png|image\arrival_rate_f.PNG
image\topology\edit\delay_service2.png|image\topology\edit\delay_service2.png
image\wif\sedd.png|image\wif\sedd.png
image\bas1.jpg|image\bas1.JPG
image\topology\edit\load dipen ind.gif|image\topology\edit\load_dipen_ind.gif
image\topology\edit\server_fig.png|image\topology\edit\server_fig.png
image\routing\r length.png|image\routing\R_length.PNG
image\topology\sink.png|image\topology\sink.png
image\topology\edit\server_numb.png|image\topology\edit\server_numb.png
image\topology\server.png|image\topology\server.png
webserver1\result2.gif|webserver1\result2.gif
how_to\create_new_model\step3_station_param.html|how_to\create_new_model\step3_station_param.html
jsimgraph.htm|JSIMgraph.htm
glossary_files\image11.gif|Glossary_files\Image11.gif
